mode: set
github.com/4uvirik/ProductService/cmd/main.go:21.13,36.12 8 0
github.com/4uvirik/ProductService/cmd/main.go:36.12,39.85 2 0
github.com/4uvirik/ProductService/cmd/main.go:39.85,41.4 1 0
github.com/4uvirik/ProductService/cmd/main.go:44.2,53.42 7 0
github.com/4uvirik/ProductService/cmd/main.go:53.42,55.3 1 0
github.com/4uvirik/ProductService/cmd/main.go:57.2,57.42 1 0
github.com/4uvirik/ProductService/cmd/main.go:61.16,62.46 1 0
github.com/4uvirik/ProductService/cmd/main.go:62.46,64.3 1 0
github.com/4uvirik/ProductService/cmd/main.go:68.34,72.16 3 0
github.com/4uvirik/ProductService/cmd/main.go:72.16,74.3 1 0
github.com/4uvirik/ProductService/cmd/main.go:76.2,76.39 1 0
github.com/4uvirik/ProductService/cmd/main.go:76.39,78.3 1 0
github.com/4uvirik/ProductService/cmd/main.go:80.2,80.12 1 0
github.com/4uvirik/ProductService/cmd/main.go:84.50,86.16 2 0
github.com/4uvirik/ProductService/cmd/main.go:86.16,88.3 1 0
github.com/4uvirik/ProductService/cmd/main.go:90.2,92.15 2 0
github.com/4uvirik/ProductService/cmd/main.go:96.81,98.16 2 0
github.com/4uvirik/ProductService/cmd/main.go:98.16,100.3 1 0
github.com/4uvirik/ProductService/cmd/main.go:102.2,102.17 1 0
github.com/4uvirik/ProductService/cmd/main.go:106.122,114.2 5 0
github.com/4uvirik/ProductService/config/config.go:43.40,44.43 1 0
github.com/4uvirik/ProductService/config/config.go:44.43,46.3 1 0
github.com/4uvirik/ProductService/config/config.go:48.2,48.42 1 0
github.com/4uvirik/ProductService/config/config.go:48.42,50.3 1 0
github.com/4uvirik/ProductService/config/config.go:52.2,52.12 1 0
github.com/4uvirik/ProductService/config/config.go:55.54,57.16 2 0
github.com/4uvirik/ProductService/config/config.go:57.16,59.3 1 0
github.com/4uvirik/ProductService/config/config.go:61.2,61.53 1 0
github.com/4uvirik/ProductService/config/config.go:61.53,63.3 1 0
github.com/4uvirik/ProductService/config/config.go:65.2,65.12 1 0
github.com/4uvirik/ProductService/config/config.go:69.51,72.44 2 0
github.com/4uvirik/ProductService/config/config.go:72.44,74.3 1 0
github.com/4uvirik/ProductService/config/config.go:76.2,76.55 1 0
github.com/4uvirik/ProductService/config/config.go:76.55,78.3 1 0
github.com/4uvirik/ProductService/config/config.go:80.2,80.20 1 0
github.com/4uvirik/ProductService/config/config.go:83.33,89.2 2 0
github.com/4uvirik/ProductService/config/config.go:91.37,94.24 2 0
github.com/4uvirik/ProductService/config/config.go:94.24,96.3 1 0
github.com/4uvirik/ProductService/config/config.go:98.2,98.24 1 0
github.com/4uvirik/ProductService/config/config.go:98.24,100.3 1 0
github.com/4uvirik/ProductService/config/config.go:102.2,102.24 1 0
github.com/4uvirik/ProductService/config/config.go:102.24,104.3 1 0
github.com/4uvirik/ProductService/config/config.go:106.2,106.29 1 0
github.com/4uvirik/ProductService/config/config.go:106.29,108.3 1 0
github.com/4uvirik/ProductService/config/config.go:110.2,110.29 1 0
github.com/4uvirik/ProductService/config/config.go:110.29,112.3 1 0
github.com/4uvirik/ProductService/config/config.go:114.2,114.29 1 0
github.com/4uvirik/ProductService/config/config.go:114.29,116.3 1 0
github.com/4uvirik/ProductService/config/config.go:118.2,118.33 1 0
github.com/4uvirik/ProductService/config/config.go:118.33,120.3 1 0
github.com/4uvirik/ProductService/config/config.go:122.2,122.29 1 0
github.com/4uvirik/ProductService/config/config.go:122.29,124.3 1 0
github.com/4uvirik/ProductService/config/config.go:126.2,126.24 1 0
github.com/4uvirik/ProductService/config/config.go:126.24,128.3 1 0
github.com/4uvirik/ProductService/config/config.go:130.2,130.12 1 0
github.com/4uvirik/ProductService/internal/http/httperr/errors.go:16.38,17.9 1 0
github.com/4uvirik/ProductService/internal/http/httperr/errors.go:18.42,19.29 1 0
github.com/4uvirik/ProductService/internal/http/httperr/errors.go:20.42,21.31 1 0
github.com/4uvirik/ProductService/internal/http/httperr/errors.go:22.44,23.31 1 0
github.com/4uvirik/ProductService/internal/http/httperr/errors.go:24.10,25.40 1 0
github.com/4uvirik/ProductService/internal/http/handler/category_handler.go:21.92,23.2 1 0
github.com/4uvirik/ProductService/internal/http/handler/category_handler.go:26.65,30.2 3 0
github.com/4uvirik/ProductService/internal/http/handler/category_handler.go:33.66,35.39 2 0
github.com/4uvirik/ProductService/internal/http/handler/category_handler.go:35.39,37.3 1 0
github.com/4uvirik/ProductService/internal/http/handler/category_handler.go:39.2,39.75 1 0
github.com/4uvirik/ProductService/internal/http/handler/category_handler.go:39.75,41.3 1 0
github.com/4uvirik/ProductService/internal/http/handler/category_handler.go:43.2,43.42 1 0
github.com/4uvirik/ProductService/internal/http/handler/category_handler.go:47.66,49.16 2 0
github.com/4uvirik/ProductService/internal/http/handler/category_handler.go:49.16,51.3 1 0
github.com/4uvirik/ProductService/internal/http/handler/category_handler.go:53.2,54.73 2 0
github.com/4uvirik/ProductService/internal/http/handler/category_handler.go:54.73,56.3 1 0
github.com/4uvirik/ProductService/internal/http/handler/category_handler.go:58.2,60.75 2 0
github.com/4uvirik/ProductService/internal/http/handler/category_handler.go:60.75,62.3 1 0
github.com/4uvirik/ProductService/internal/http/handler/category_handler.go:64.2,64.70 1 0
github.com/4uvirik/ProductService/internal/http/handler/category_handler.go:68.66,70.16 2 0
github.com/4uvirik/ProductService/internal/http/handler/category_handler.go:70.16,72.3 1 0
github.com/4uvirik/ProductService/internal/http/handler/category_handler.go:74.2,74.73 1 0
github.com/4uvirik/ProductService/internal/http/handler/category_handler.go:74.73,76.3 1 0
github.com/4uvirik/ProductService/internal/http/handler/category_handler.go:78.2,78.70 1 0
github.com/4uvirik/ProductService/internal/http/handler/product_handler.go:20.89,22.2 1 0
github.com/4uvirik/ProductService/internal/http/handler/product_handler.go:25.63,31.2 5 0
github.com/4uvirik/ProductService/internal/http/handler/product_handler.go:34.64,36.39 2 0
github.com/4uvirik/ProductService/internal/http/handler/product_handler.go:36.39,40.3 2 0
github.com/4uvirik/ProductService/internal/http/handler/product_handler.go:42.2,43.16 2 0
github.com/4uvirik/ProductService/internal/http/handler/product_handler.go:43.16,45.3 1 0
github.com/4uvirik/ProductService/internal/http/handler/product_handler.go:47.2,47.46 1 0
github.com/4uvirik/ProductService/internal/http/handler/product_handler.go:51.64,53.16 2 0
github.com/4uvirik/ProductService/internal/http/handler/product_handler.go:53.16,55.3 1 0
github.com/4uvirik/ProductService/internal/http/handler/product_handler.go:57.2,57.45 1 0
github.com/4uvirik/ProductService/internal/http/handler/product_handler.go:61.65,63.16 2 0
github.com/4uvirik/ProductService/internal/http/handler/product_handler.go:63.16,65.3 1 0
github.com/4uvirik/ProductService/internal/http/handler/product_handler.go:67.2,68.16 2 0
github.com/4uvirik/ProductService/internal/http/handler/product_handler.go:68.16,70.3 1 0
github.com/4uvirik/ProductService/internal/http/handler/product_handler.go:72.2,72.41 1 0
github.com/4uvirik/ProductService/internal/http/handler/product_handler.go:76.64,78.16 2 0
github.com/4uvirik/ProductService/internal/http/handler/product_handler.go:78.16,80.3 1 0
github.com/4uvirik/ProductService/internal/http/handler/product_handler.go:82.2,83.39 2 0
github.com/4uvirik/ProductService/internal/http/handler/product_handler.go:83.39,85.3 1 0
github.com/4uvirik/ProductService/internal/http/handler/product_handler.go:87.2,89.74 2 0
github.com/4uvirik/ProductService/internal/http/handler/product_handler.go:89.74,91.3 1 0
github.com/4uvirik/ProductService/internal/http/handler/product_handler.go:93.2,93.70 1 0
github.com/4uvirik/ProductService/internal/http/handler/product_handler.go:97.64,99.16 2 0
github.com/4uvirik/ProductService/internal/http/handler/product_handler.go:99.16,101.3 1 0
github.com/4uvirik/ProductService/internal/http/handler/product_handler.go:103.2,103.72 1 0
github.com/4uvirik/ProductService/internal/http/handler/product_handler.go:103.72,105.3 1 0
github.com/4uvirik/ProductService/internal/http/handler/product_handler.go:107.2,107.70 1 0
github.com/4uvirik/ProductService/pkg/logger/logger.go:16.58,19.18 2 0
github.com/4uvirik/ProductService/pkg/logger/logger.go:20.16,21.26 1 0
github.com/4uvirik/ProductService/pkg/logger/logger.go:22.14,25.4 1 0
github.com/4uvirik/ProductService/pkg/logger/logger.go:26.15,29.4 1 0
github.com/4uvirik/ProductService/pkg/logger/logger.go:30.10,33.4 1 0
github.com/4uvirik/ProductService/pkg/logger/logger.go:36.2,36.17 1 0
github.com/4uvirik/ProductService/pkg/logger/logger.go:39.37,50.2 3 0
github.com/4uvirik/ProductService/internal/usecase/category.go:18.88,20.2 1 0
github.com/4uvirik/ProductService/internal/usecase/category.go:25.91,26.47 1 0
github.com/4uvirik/ProductService/internal/usecase/category.go:26.47,30.3 2 0
github.com/4uvirik/ProductService/internal/usecase/category.go:32.2,32.40 1 0
github.com/4uvirik/ProductService/internal/usecase/category.go:36.91,37.47 1 0
github.com/4uvirik/ProductService/internal/usecase/category.go:37.47,41.3 2 0
github.com/4uvirik/ProductService/internal/usecase/category.go:43.2,43.40 1 0
github.com/4uvirik/ProductService/internal/usecase/category.go:47.77,48.13 1 0
github.com/4uvirik/ProductService/internal/usecase/category.go:48.13,50.3 1 0
github.com/4uvirik/ProductService/internal/usecase/category.go:52.2,52.39 1 0
github.com/4uvirik/ProductService/internal/usecase/product.go:18.85,20.2 1 0
github.com/4uvirik/ProductService/internal/usecase/product.go:25.112,26.47 1 0
github.com/4uvirik/ProductService/internal/usecase/product.go:26.47,30.3 2 0
github.com/4uvirik/ProductService/internal/usecase/product.go:32.2,38.43 2 0
github.com/4uvirik/ProductService/internal/usecase/product.go:42.87,44.2 1 0
github.com/4uvirik/ProductService/internal/usecase/product.go:47.95,49.2 1 0
github.com/4uvirik/ProductService/internal/usecase/product.go:52.94,53.47 1 0
github.com/4uvirik/ProductService/internal/usecase/product.go:53.47,57.3 2 0
github.com/4uvirik/ProductService/internal/usecase/product.go:59.2,59.66 1 0
github.com/4uvirik/ProductService/internal/usecase/product.go:59.66,61.3 1 0
github.com/4uvirik/ProductService/internal/usecase/product.go:63.2,64.16 2 0
github.com/4uvirik/ProductService/internal/usecase/product.go:64.16,68.3 2 0
github.com/4uvirik/ProductService/internal/usecase/product.go:70.2,70.21 1 0
github.com/4uvirik/ProductService/internal/usecase/product.go:70.21,73.3 2 0
github.com/4uvirik/ProductService/internal/usecase/product.go:75.2,75.22 1 0
github.com/4uvirik/ProductService/internal/usecase/product.go:75.22,78.3 2 0
github.com/4uvirik/ProductService/internal/usecase/product.go:80.2,80.27 1 0
github.com/4uvirik/ProductService/internal/usecase/product.go:80.27,83.3 2 0
github.com/4uvirik/ProductService/internal/usecase/product.go:85.2,85.44 1 0
github.com/4uvirik/ProductService/internal/usecase/product.go:89.75,90.13 1 0
github.com/4uvirik/ProductService/internal/usecase/product.go:90.13,92.3 1 0
github.com/4uvirik/ProductService/internal/usecase/product.go:94.2,94.38 1 0
github.com/4uvirik/ProductService/internal/repository/category.go:16.87,18.2 1 0
github.com/4uvirik/ProductService/internal/repository/category.go:21.92,27.16 3 0
github.com/4uvirik/ProductService/internal/repository/category.go:27.16,29.3 1 0
github.com/4uvirik/ProductService/internal/repository/category.go:31.2,31.12 1 0
github.com/4uvirik/ProductService/internal/repository/category.go:35.92,39.16 3 0
github.com/4uvirik/ProductService/internal/repository/category.go:39.16,43.3 2 0
github.com/4uvirik/ProductService/internal/repository/category.go:45.2,45.29 1 0
github.com/4uvirik/ProductService/internal/repository/category.go:45.29,47.3 1 0
github.com/4uvirik/ProductService/internal/repository/category.go:49.2,49.12 1 0
github.com/4uvirik/ProductService/internal/repository/category.go:53.80,57.16 3 0
github.com/4uvirik/ProductService/internal/repository/category.go:57.16,61.3 2 0
github.com/4uvirik/ProductService/internal/repository/category.go:63.2,63.29 1 0
github.com/4uvirik/ProductService/internal/repository/category.go:63.29,65.3 1 0
github.com/4uvirik/ProductService/internal/repository/category.go:67.2,67.12 1 0
github.com/4uvirik/ProductService/internal/repository/postgres.go:17.91,19.16 2 0
github.com/4uvirik/ProductService/internal/repository/postgres.go:19.16,23.3 2 0
github.com/4uvirik/ProductService/internal/repository/postgres.go:25.2,25.39 1 0
github.com/4uvirik/ProductService/internal/repository/postgres.go:25.39,30.3 3 0
github.com/4uvirik/ProductService/internal/repository/postgres.go:32.2,32.51 1 0
github.com/4uvirik/ProductService/internal/repository/product.go:16.85,18.2 1 0
github.com/4uvirik/ProductService/internal/repository/product.go:21.110,27.16 3 0
github.com/4uvirik/ProductService/internal/repository/product.go:27.16,29.3 1 0
github.com/4uvirik/ProductService/internal/repository/product.go:31.2,31.19 1 0
github.com/4uvirik/ProductService/internal/repository/product.go:35.90,39.16 3 0
github.com/4uvirik/ProductService/internal/repository/product.go:39.16,43.3 2 0
github.com/4uvirik/ProductService/internal/repository/product.go:45.2,49.18 3 0
github.com/4uvirik/ProductService/internal/repository/product.go:49.18,51.88 2 0
github.com/4uvirik/ProductService/internal/repository/product.go:51.88,55.4 2 0
github.com/4uvirik/ProductService/internal/repository/product.go:57.3,57.42 1 0
github.com/4uvirik/ProductService/internal/repository/product.go:60.2,60.27 1 0
github.com/4uvirik/ProductService/internal/repository/product.go:60.27,62.3 1 0
github.com/4uvirik/ProductService/internal/repository/product.go:64.2,64.25 1 0
github.com/4uvirik/ProductService/internal/repository/product.go:68.98,75.16 4 0
github.com/4uvirik/ProductService/internal/repository/product.go:75.16,79.3 2 0
github.com/4uvirik/ProductService/internal/repository/product.go:81.2,81.19 1 0
github.com/4uvirik/ProductService/internal/repository/product.go:85.92,89.16 3 0
github.com/4uvirik/ProductService/internal/repository/product.go:89.16,93.3 2 0
github.com/4uvirik/ProductService/internal/repository/product.go:95.2,95.36 1 0
github.com/4uvirik/ProductService/internal/repository/product.go:95.36,97.3 1 0
github.com/4uvirik/ProductService/internal/repository/product.go:99.2,99.12 1 0
github.com/4uvirik/ProductService/internal/repository/product.go:103.78,107.16 3 0
github.com/4uvirik/ProductService/internal/repository/product.go:107.16,111.3 2 0
github.com/4uvirik/ProductService/internal/repository/product.go:113.2,113.36 1 0
github.com/4uvirik/ProductService/internal/repository/product.go:113.36,115.3 1 0
github.com/4uvirik/ProductService/internal/repository/product.go:117.2,117.12 1 0
github.com/4uvirik/ProductService/internal/http/server/server.go:12.134,26.2 9 1
github.com/4uvirik/ProductService/pkg/logger/handler/slogdiscard/logger.go:8.38,10.2 1 0
github.com/4uvirik/ProductService/pkg/logger/handler/slogdiscard/logger.go:14.42,16.2 1 0
github.com/4uvirik/ProductService/pkg/logger/handler/slogdiscard/logger.go:18.73,21.2 1 0
github.com/4uvirik/ProductService/pkg/logger/handler/slogdiscard/logger.go:23.64,26.2 1 0
github.com/4uvirik/ProductService/pkg/logger/handler/slogdiscard/logger.go:28.59,31.2 1 0
github.com/4uvirik/ProductService/pkg/logger/handler/slogdiscard/logger.go:33.72,36.2 1 0
github.com/4uvirik/ProductService/pkg/logger/sl/error.go:7.31,12.2 1 0
github.com/4uvirik/ProductService/pkg/logger/handler/slogpretty/logger.go:25.18,32.2 2 0
github.com/4uvirik/ProductService/pkg/logger/handler/slogpretty/logger.go:34.72,37.17 2 0
github.com/4uvirik/ProductService/pkg/logger/handler/slogpretty/logger.go:38.23,39.37 1 0
github.com/4uvirik/ProductService/pkg/logger/handler/slogpretty/logger.go:40.22,41.34 1 0
github.com/4uvirik/ProductService/pkg/logger/handler/slogpretty/logger.go:42.22,43.36 1 0
github.com/4uvirik/ProductService/pkg/logger/handler/slogpretty/logger.go:44.23,45.33 1 0
github.com/4uvirik/ProductService/pkg/logger/handler/slogpretty/logger.go:48.2,50.33 2 0
github.com/4uvirik/ProductService/pkg/logger/handler/slogpretty/logger.go:50.33,54.3 2 0
github.com/4uvirik/ProductService/pkg/logger/handler/slogpretty/logger.go:56.2,56.28 1 0
github.com/4uvirik/ProductService/pkg/logger/handler/slogpretty/logger.go:56.28,58.3 1 0
github.com/4uvirik/ProductService/pkg/logger/handler/slogpretty/logger.go:60.2,64.21 3 0
github.com/4uvirik/ProductService/pkg/logger/handler/slogpretty/logger.go:64.21,66.17 2 0
github.com/4uvirik/ProductService/pkg/logger/handler/slogpretty/logger.go:66.17,68.4 1 0
github.com/4uvirik/ProductService/pkg/logger/handler/slogpretty/logger.go:71.2,81.12 4 0
github.com/4uvirik/ProductService/pkg/logger/handler/slogpretty/logger.go:84.67,90.2 1 0
github.com/4uvirik/ProductService/pkg/logger/handler/slogpretty/logger.go:92.61,97.2 1 0
