mode: set
github.com/4uvirik/ProductService/tests/integration/setup_postgres.go:16.102,21.16 5 1
github.com/4uvirik/ProductService/tests/integration/setup_postgres.go:21.16,23.3 1 0
github.com/4uvirik/ProductService/tests/integration/setup_postgres.go:25.2,43.16 3 1
github.com/4uvirik/ProductService/tests/integration/setup_postgres.go:43.16,45.3 1 0
github.com/4uvirik/ProductService/tests/integration/setup_postgres.go:47.2,48.16 2 1
github.com/4uvirik/ProductService/tests/integration/setup_postgres.go:48.16,51.3 2 0
github.com/4uvirik/ProductService/tests/integration/setup_postgres.go:53.2,54.16 2 1
github.com/4uvirik/ProductService/tests/integration/setup_postgres.go:54.16,57.3 2 0
github.com/4uvirik/ProductService/tests/integration/setup_postgres.go:59.2,63.31 2 1
github.com/4uvirik/ProductService/tests/integration/setup_postgres.go:63.31,65.3 1 0
github.com/4uvirik/ProductService/tests/integration/setup_postgres.go:67.2,67.32 1 1
github.com/4uvirik/ProductService/tests/integration/setup_postgres.go:70.78,72.16 2 1
github.com/4uvirik/ProductService/tests/integration/setup_postgres.go:72.16,74.3 1 0
github.com/4uvirik/ProductService/tests/integration/setup_postgres.go:75.2,79.34 3 1
github.com/4uvirik/ProductService/tests/integration/setup_postgres.go:79.34,84.17 4 1
github.com/4uvirik/ProductService/tests/integration/setup_postgres.go:84.17,86.4 1 1
github.com/4uvirik/ProductService/tests/integration/setup_postgres.go:88.3,88.10 1 1
github.com/4uvirik/ProductService/tests/integration/setup_postgres.go:89.21,90.20 1 0
github.com/4uvirik/ProductService/tests/integration/setup_postgres.go:91.11,91.11 0 1
github.com/4uvirik/ProductService/tests/integration/setup_postgres.go:94.3,94.26 1 1
github.com/4uvirik/ProductService/tests/integration/setup_postgres.go:97.2,97.58 1 0
